%Warning-PINCONNECTEMPTY: vsrc/ysyx_24080032.sv:619:6: Instance pin connected by name with empty reference: 'io_pipe_out_valid'
  619 |     .io_pipe_out_valid                ( ),
      |      ^~~~~~~~~~~~~~~~~
                          ... For warning description see https://verilator.org/warn/PINCONNECTEMPTY?v=5.041
                          ... Use "/* verilator lint_off PINCONNECTEMPTY */" and lint_on around source to disable this message.
%Warning-UNUSEDSIGNAL: vsrc/ysyx_24080032.sv:5:17: Signal is not used: 'io_interrupt'
                                                 : ... note: In instance 'ysyx_24080032'
    5 |                 io_interrupt,  
      |                 ^~~~~~~~~~~~
                       ... For warning description see https://verilator.org/warn/UNUSEDSIGNAL?v=5.041
                       ... Use "/* verilator lint_off UNUSEDSIGNAL */" and lint_on around source to disable this message.
%Warning-UNUSEDSIGNAL: vsrc/ysyx_24080032.sv:14:17: Signal is not used: 'io_master_rresp'
                                                  : ... note: In instance 'ysyx_24080032'
   14 |   input  [1:0]  io_master_rresp,  
      |                 ^~~~~~~~~~~~~~~
%Warning-UNUSEDSIGNAL: vsrc/ysyx_24080032.sv:18:17: Signal is not used: 'io_master_rid'
                                                  : ... note: In instance 'ysyx_24080032'
   18 |   input  [3:0]  io_master_rid,  
      |                 ^~~~~~~~~~~~~
%Warning-UNUSEDSIGNAL: vsrc/ysyx_24080032.sv:31:17: Signal is not used: 'io_master_bresp'
                                                  : ... note: In instance 'ysyx_24080032'
   31 |   input  [1:0]  io_master_bresp,  
      |                 ^~~~~~~~~~~~~~~
%Warning-UNUSEDSIGNAL: vsrc/ysyx_24080032.sv:34:17: Signal is not used: 'io_master_bid'
                                                  : ... note: In instance 'ysyx_24080032'
   34 |   input  [3:0]  io_master_bid,  
      |                 ^~~~~~~~~~~~~
%Warning-UNUSEDSIGNAL: vsrc/ysyx_24080032.sv:35:17: Signal is not used: 'io_slave_araddr'
                                                  : ... note: In instance 'ysyx_24080032'
   35 |   input  [31:0] io_slave_araddr,  
      |                 ^~~~~~~~~~~~~~~
%Warning-UNUSEDSIGNAL: vsrc/ysyx_24080032.sv:36:17: Signal is not used: 'io_slave_arvalid'
                                                  : ... note: In instance 'ysyx_24080032'
   36 |   input         io_slave_arvalid,  
      |                 ^~~~~~~~~~~~~~~~
%Warning-UNUSEDSIGNAL: vsrc/ysyx_24080032.sv:38:17: Signal is not used: 'io_slave_arid'
                                                  : ... note: In instance 'ysyx_24080032'
   38 |   input  [3:0]  io_slave_arid,  
      |                 ^~~~~~~~~~~~~
%Warning-UNUSEDSIGNAL: vsrc/ysyx_24080032.sv:39:17: Signal is not used: 'io_slave_arlen'
                                                  : ... note: In instance 'ysyx_24080032'
   39 |   input  [7:0]  io_slave_arlen,  
      |                 ^~~~~~~~~~~~~~
%Warning-UNUSEDSIGNAL: vsrc/ysyx_24080032.sv:40:17: Signal is not used: 'io_slave_arsize'
                                                  : ... note: In instance 'ysyx_24080032'
   40 |   input  [2:0]  io_slave_arsize,  
      |                 ^~~~~~~~~~~~~~~
%Warning-UNUSEDSIGNAL: vsrc/ysyx_24080032.sv:41:17: Signal is not used: 'io_slave_arburst'
                                                  : ... note: In instance 'ysyx_24080032'
   41 |   input  [1:0]  io_slave_arburst,  
      |                 ^~~~~~~~~~~~~~~~
%Warning-UNUSEDSIGNAL: vsrc/ysyx_24080032.sv:45:17: Signal is not used: 'io_slave_rready'
                                                  : ... note: In instance 'ysyx_24080032'
   45 |   input         io_slave_rready,  
      |                 ^~~~~~~~~~~~~~~
%Warning-UNUSEDSIGNAL: vsrc/ysyx_24080032.sv:48:17: Signal is not used: 'io_slave_awaddr'
                                                  : ... note: In instance 'ysyx_24080032'
   48 |   input  [31:0] io_slave_awaddr,  
      |                 ^~~~~~~~~~~~~~~
%Warning-UNUSEDSIGNAL: vsrc/ysyx_24080032.sv:49:17: Signal is not used: 'io_slave_awvalid'
                                                  : ... note: In instance 'ysyx_24080032'
   49 |   input         io_slave_awvalid,  
      |                 ^~~~~~~~~~~~~~~~
%Warning-UNUSEDSIGNAL: vsrc/ysyx_24080032.sv:51:17: Signal is not used: 'io_slave_awid'
                                                  : ... note: In instance 'ysyx_24080032'
   51 |   input  [3:0]  io_slave_awid,  
      |                 ^~~~~~~~~~~~~
%Warning-UNUSEDSIGNAL: vsrc/ysyx_24080032.sv:52:17: Signal is not used: 'io_slave_awlen'
                                                  : ... note: In instance 'ysyx_24080032'
   52 |   input  [7:0]  io_slave_awlen,  
      |                 ^~~~~~~~~~~~~~
%Warning-UNUSEDSIGNAL: vsrc/ysyx_24080032.sv:53:17: Signal is not used: 'io_slave_awsize'
                                                  : ... note: In instance 'ysyx_24080032'
   53 |   input  [2:0]  io_slave_awsize,  
      |                 ^~~~~~~~~~~~~~~
%Warning-UNUSEDSIGNAL: vsrc/ysyx_24080032.sv:54:17: Signal is not used: 'io_slave_awburst'
                                                  : ... note: In instance 'ysyx_24080032'
   54 |   input  [1:0]  io_slave_awburst,  
      |                 ^~~~~~~~~~~~~~~~
%Warning-UNUSEDSIGNAL: vsrc/ysyx_24080032.sv:55:17: Signal is not used: 'io_slave_wdata'
                                                  : ... note: In instance 'ysyx_24080032'
   55 |   input  [31:0] io_slave_wdata,  
      |                 ^~~~~~~~~~~~~~
%Warning-UNUSEDSIGNAL: vsrc/ysyx_24080032.sv:56:17: Signal is not used: 'io_slave_wstrb'
                                                  : ... note: In instance 'ysyx_24080032'
   56 |   input  [3:0]  io_slave_wstrb,  
      |                 ^~~~~~~~~~~~~~
%Warning-UNUSEDSIGNAL: vsrc/ysyx_24080032.sv:57:17: Signal is not used: 'io_slave_wvalid'
                                                  : ... note: In instance 'ysyx_24080032'
   57 |   input         io_slave_wvalid,  
      |                 ^~~~~~~~~~~~~~~
%Warning-UNUSEDSIGNAL: vsrc/ysyx_24080032.sv:59:17: Signal is not used: 'io_slave_wlast'
                                                  : ... note: In instance 'ysyx_24080032'
   59 |   input         io_slave_wlast,  
      |                 ^~~~~~~~~~~~~~
%Warning-UNUSEDSIGNAL: vsrc/ysyx_24080032.sv:62:17: Signal is not used: 'io_slave_bready'
                                                  : ... note: In instance 'ysyx_24080032'
   62 |   input         io_slave_bready,  
      |                 ^~~~~~~~~~~~~~~
%Warning-UNUSEDSIGNAL: vsrc/ysyx_24080032.sv:430:18: Signal is not driven, nor used: '_RANDOM'
                                                   : ... note: In instance 'ysyx_24080032.core'
  430 |     logic [31:0] _RANDOM[0:9];  
      |                  ^~~~~~~
%Warning-UNUSEDSIGNAL: vsrc/ysyx_24080032.sv:842:18: Signal is not driven, nor used: '_RANDOM'
                                                   : ... note: In instance 'ysyx_24080032.xbar'
  842 |     logic [31:0] _RANDOM[0:0];  
      |                  ^~~~~~~
%Warning-UNUSEDSIGNAL: vsrc/ysyx_24080032.sv:999:18: Signal is not driven, nor used: '_RANDOM'
                                                   : ... note: In instance 'ysyx_24080032.clint'
  999 |     logic [31:0] _RANDOM[0:3];  
      |                  ^~~~~~~
%Warning-UNUSEDSIGNAL: vsrc/ysyx_24080032.sv:1151:18: Signal is not driven, nor used: '_RANDOM'
                                                    : ... note: In instance 'ysyx_24080032.core.ifu'
 1151 |     logic [31:0] _RANDOM[0:1];  
      |                  ^~~~~~~
%Warning-UNUSEDSIGNAL: vsrc/ysyx_24080032.sv:1254:15: Bits of signal are not used: 'decodeBundle_invInputs'[27:20,17:13,9:5]
                                                    : ... note: In instance 'ysyx_24080032.core.idu'
 1254 |   wire [28:0] decodeBundle_invInputs = ~(io_pipe_in_bits_if2id_inst[30:2]);  
      |               ^~~~~~~~~~~~~~~~~~~~~~
%Warning-UNUSEDSIGNAL: vsrc/ysyx_24080032.sv:1378:18: Signal is not driven, nor used: '_RANDOM'
                                                    : ... note: In instance 'ysyx_24080032.core.idu'
 1378 |     logic [31:0] _RANDOM[0:0];  
      |                  ^~~~~~~
%Warning-UNUSEDSIGNAL: vsrc/ysyx_24080032.sv:1655:15: Bits of signal are not used: '_ch3Ready_T_3'[15:1]
                                                    : ... note: In instance 'ysyx_24080032.core.isu'
 1655 |   wire [15:0] _ch3Ready_T_3 = busy >> io_pipe_in_bits_id2is_rs1_addr;  
      |               ^~~~~~~~~~~~~
%Warning-UNUSEDSIGNAL: vsrc/ysyx_24080032.sv:1656:15: Bits of signal are not used: '_wbClearMask_T_8'[30:16,0]
                                                    : ... note: In instance 'ysyx_24080032.core.isu'
 1656 |   wire [30:0] _wbClearMask_T_8 = 31'h1 << io_for_wb_gpr_waddr;  
      |               ^~~~~~~~~~~~~~~~
%Warning-UNUSEDSIGNAL: vsrc/ysyx_24080032.sv:1657:15: Bits of signal are not used: '_isuFireSetMask_T_1'[30:16,0]
                                                    : ... note: In instance 'ysyx_24080032.core.isu'
 1657 |   wire [30:0] _isuFireSetMask_T_1 = 31'h1 << io_pipe_in_bits_id2is_rd_addr;  
      |               ^~~~~~~~~~~~~~~~~~~
%Warning-UNUSEDSIGNAL: vsrc/ysyx_24080032.sv:1658:15: Bits of signal are not used: '_ch2Ready_T'[15:1]
                                                    : ... note: In instance 'ysyx_24080032.core.isu'
 1658 |   wire [15:0] _ch2Ready_T = busy >> io_pipe_in_bits_id2is_rs2_addr;  
      |               ^~~~~~~~~~~
%Warning-UNUSEDSIGNAL: vsrc/ysyx_24080032.sv:1697:18: Signal is not driven, nor used: '_RANDOM'
                                                    : ... note: In instance 'ysyx_24080032.core.isu'
 1697 |     logic [31:0] _RANDOM[0:0];  
      |                  ^~~~~~~
%Warning-UNUSEDSIGNAL: vsrc/ysyx_24080032.sv:1885:18: Signal is not driven, nor used: '_RANDOM'
                                                    : ... note: In instance 'ysyx_24080032.core.exu'
 1885 |     logic [31:0] _RANDOM[0:0];  
      |                  ^~~~~~~
%Warning-UNUSEDSIGNAL: vsrc/ysyx_24080032.sv:1982:17: Signal is not used: 'io_pipe_in_valid'
                                                    : ... note: In instance 'ysyx_24080032.core.wbu'
 1982 |   input         io_pipe_in_valid,  
      |                 ^~~~~~~~~~~~~~~~
%Warning-UNUSEDSIGNAL: vsrc/ysyx_24080032.sv:1986:17: Signal is not used: 'io_pipe_out_ready'
                                                    : ... note: In instance 'ysyx_24080032.core.wbu'
 1986 |   input         io_pipe_out_ready,  
      |                 ^~~~~~~~~~~~~~~~~
%Warning-UNUSEDSIGNAL: vsrc/ysyx_24080032.sv:2611:15: Signal is not used: 'req_offset'
                                                    : ... note: In instance 'ysyx_24080032.core.icache'
 2611 |   wire [1:0]  req_offset = send_araddr[1:0];  
      |               ^~~~~~~~~~
%Warning-UNUSEDSIGNAL: vsrc/ysyx_24080032.sv:2613:15: Signal is not used: 'addr_align'
                                                    : ... note: In instance 'ysyx_24080032.core.icache'
 2613 |   wire [31:0] addr_align = {send_araddr[31:2], 2'h0};  
      |               ^~~~~~~~~~
%Warning-UNUSEDSIGNAL: vsrc/ysyx_24080032.sv:2787:18: Signal is not driven, nor used: '_RANDOM'
                                                    : ... note: In instance 'ysyx_24080032.core.icache'
 2787 |     logic [31:0] _RANDOM[0:9];  
      |                  ^~~~~~~
%Warning-UNUSEDSIGNAL: vsrc/ysyx_24080032.sv:2065:17: Signal is not used: 'R0_clk'
                                                    : ... note: In instance 'ysyx_24080032.core.isu.gpr_ext'
 2065 |                 R0_clk,
      |                 ^~~~~~
%Warning-UNUSEDSIGNAL: vsrc/ysyx_24080032.sv:2069:17: Signal is not used: 'R1_clk'
                                                    : ... note: In instance 'ysyx_24080032.core.isu.gpr_ext'
 2069 |                 R1_clk,
      |                 ^~~~~~
%Warning-UNUSEDSIGNAL: vsrc/ysyx_24080032.sv:2083:16: Signal is not driven, nor used: '_RANDOM_MEM'
                                                    : ... note: In instance 'ysyx_24080032.core.isu.gpr_ext'
 2083 |     reg [31:0] _RANDOM_MEM;  
      |                ^~~~~~~~~~~
%Warning-UNUSEDSIGNAL: vsrc/ysyx_24080032.sv:2148:17: Bits of signal are not used: 'io_in_bits_op2'[31:12]
                                                    : ... note: In instance 'ysyx_24080032.core.exu.csr'
 2148 |                 io_in_bits_op2,  
      |                 ^~~~~~~~~~~~~~
%Warning-UNUSEDSIGNAL: vsrc/ysyx_24080032.sv:2206:18: Signal is not driven, nor used: '_RANDOM'
                                                    : ... note: In instance 'ysyx_24080032.core.exu.csr'
 2206 |     logic [31:0] _RANDOM[0:3];  
      |                  ^~~~~~~
%Warning-UNUSEDSIGNAL: vsrc/ysyx_24080032.sv:2254:15: Bits of signal are not used: 'sll_out'[62:32]
                                                    : ... note: In instance 'ysyx_24080032.core.exu.alu'
 2254 |   wire [62:0] sll_out = {31'h0, io_in_bits_op1} << io_in_bits_op2[4:0];  
      |               ^~~~~~~
%Warning-UNUSEDSIGNAL: vsrc/ysyx_24080032.sv:2381:15: Bits of signal are not used: 'wdata'[62:32]
                                                    : ... note: In instance 'ysyx_24080032.core.exu.lsu'
 2381 |   reg  [62:0] wdata;  
      |               ^~~~~
%Warning-UNUSEDSIGNAL: vsrc/ysyx_24080032.sv:2382:15: Bits of signal are not used: 'wstrb'[6:4]
                                                    : ... note: In instance 'ysyx_24080032.core.exu.lsu'
 2382 |   reg  [6:0]  wstrb;  
      |               ^~~~~
%Warning-UNUSEDSIGNAL: vsrc/ysyx_24080032.sv:2490:18: Signal is not driven, nor used: '_RANDOM'
                                                    : ... note: In instance 'ysyx_24080032.core.exu.lsu'
 2490 |     logic [31:0] _RANDOM[0:5];  
      |                  ^~~~~~~
%Error: Exiting due to 50 warning(s)
